windows 34545 | train 10980 | test-exposure 2303 | test-composition 6373 | test-both 7774
    step 666/2000 loss 0.1224 (6s)
    step 1332/2000 loss 0.0595 (12s)
    step 1998/2000 loss 0.0833 (21s)
  D1_displacement  train 0.0555  comp 2.0077  expo 8.8090  both 30.2758  (29s)
    step 666/2000 loss 0.1277 (26s)
    step 1332/2000 loss 0.0555 (52s)
    step 1998/2000 loss 0.0378 (78s)
  C1_fields        train 0.0647  comp 0.8624  expo 7.1558  both 15.6936  (80s)
    step 666/2000 loss 0.1364 (25s)
    step 1332/2000 loss 0.0549 (51s)
    step 1998/2000 loss 0.0363 (76s)
  C2_const         train 0.0651  comp 0.8822  expo 5.9405  both 13.3848  (79s)
    step 666/2000 loss 0.1338 (33s)
    step 1332/2000 loss 0.0517 (65s)
    step 1998/2000 loss 0.0374 (96s)
  C3_gate_nosat    train 0.0667  comp 0.7259  expo 5.9490  both 6.5175  (98s)
    step 666/2000 loss 0.1402 (34s)
    step 1332/2000 loss 0.0564 (68s)
    step 1998/2000 loss 0.0434 (103s)
  C3_gate          train 0.0749  comp 0.7030  expo 6.4051  both 18.4843  (105s)
    step 666/2000 loss 0.1366 (342s)
    step 1332/2000 loss 0.0568 (693s)
    step 1998/2000 loss 0.0438 (1065s)
  C4_full          train 0.0743  comp 0.6913  expo 6.3590  both 17.8340  (1102s)
